=== ACTIVE CHECKLIST: P-3/P-4 — FEMALE TECHNICAL ASSEMBLY ===
6_FEMALE_ALIGNMENT_AND_LOCAL_CORRECTION=ACTIVE
SUBSTEP=FEMALE_RATIO5P30_LOCAL_NECK_SHORTENING_V1
BODY_RATIO_5P30=VISUAL_PASS_SELECTED

=== SHORTENING CONTRACT ===
OLD_INTERFACE_Y=5.284604723454
NEW_INTERFACE_Y=5.148177776933
SHORTEN_DELTA_NATIVE=0.136426946521
BAND_DEPTH_NATIVE=0.314406779661
ANCHOR_Y=4.970197943793
VERTICAL_COMPRESSION_FACTOR=0.566081409987
BAND_VERTICES=329

=== SAFETY ===
NECK_BOUNDARY_VERTICES=96
NECK_BOUNDARY_EDGES=96
NONMANIFOLD_EDGES=0
ZERO_OR_NEAR_ZERO_FACES=0
REVERSED_FACE_NORMALS=0
IS_WINDING_CONSISTENT=True
OUTSIDE_BAND_MAX_DELTA=0.000000000000e+00
XZ_CHANGE_MAX=0.000000000000e+00
INTERFACE_ERROR_MAX=0.000000000000e+00

FEMALE_RATIO5P30_NECK_SHORTENING_V1_GATE=PASS

=== TEMP OUTPUT ===
OUTPUT=/private/tmp/atlas_p3_p4_makehuman_female_body_ratio5p30_neck_shortened_v1.glb
OUTPUT_SHA256=78330e04bce90701acbff984fbb0bafa411dca9432067c88f9043def6eeb897d
HEAD_REQUIRED_DY=-0.136426946521
NEXT=HEAD_PLUS_RATIO5P30_SHORTENED_BODY_VISUAL_DRYFIT

HEAD_GEOMETRY_CHANGED=NO
BODY_XZ_CHANGED=NO
REPO_FILES_CHANGED=NO
PRODUCTION_GEOMETRY_AUTHORIZATION=NO
PHASE9_AUTHORIZATION=NO
