=== ACTIVE CHECKLIST: P-3/P-4 — FEMALE TECHNICAL ASSEMBLY ===
6_FEMALE_ALIGNMENT_AND_LOCAL_CORRECTION=ACTIVE
SUBSTEP=EXPORT_CENTERED_UPPER_NECK_CORRECTED_BODY_WITH_REMOVABLE_STRIP_EXCEPTION
ARCHITECTURE=SELECTED_MALE_V2_FULL_CHAIN_PORT

=== CORRECTION ===
HEAD_DX=0.005623056596
HEAD_DZ=0.504931415230
SUPPORT_MULTIPLIER=7.0
SUPPORT_DEPTH_NATIVE=1.756464676953
SUPPORT_Y_MIN=3.391713099980

=== REMOVABLE STRIP EXCEPTION ===
IMMEDIATE_BOUNDARY_STRIP_FACES=144
PATTERN_B1_I2=48
PATTERN_B2_I1=96
FIRST_INNER_RING_VERTICES=48
REVERSED_FACE_COUNT=2
REVERSED_FACE_INDICES=[18380, 18405]
REVERSED_INSIDE_REMOVABLE_STRIP=[18380, 18405]
REVERSED_OUTSIDE_REMOVABLE_STRIP=[]

=== TOPOLOGY SAFETY ===
BOUNDARY_EDGES=96
NONMANIFOLD_EDGES=0
ZERO_OR_NEAR_ZERO_FACE_AREA=0
IS_WINDING_CONSISTENT=True

CENTERED_UPPER_NECK_CORRECTION_STRIP_EXCEPTION_GATE=PASS

OUTPUT=/private/tmp/atlas_p3_p4_makehuman_female_body_ratio5p30_centered_upper_neck_corrected_strip_exception_v1.glb
OUTPUT_SHA256=6f9aaeb8ec361dae94481307bbe3c16d205e05922365d53a592c79e35269436e
NEXT=302_TO_48_SEAM_AWARE_DP_SINGLE_WATERTIGHT_BODY

HEAD_GEOMETRY_CHANGED=NO
BODY_Y_CHANGED=NO
REPO_FILES_CHANGED=NO
PRODUCTION_GEOMETRY_AUTHORIZATION=NO
PHASE9_AUTHORIZATION=NO
