=== ACTIVE CHECKLIST: P-3/P-4 — FEMALE TECHNICAL ASSEMBLY ===
6_FEMALE_ALIGNMENT_AND_LOCAL_CORRECTION=ACTIVE
SUBSTEP=FEMALE_BODY_RATIO_5P30_TRIMESH_V2
PREVIOUS_BLENDER_5P30=INVALID_REJECTED
TARGET_BODY_TO_HEAD_RATIO=5.300000000000
TARGET_BODY_HEIGHT=7.230628165608
UNIFORM_BODY_SCALE=0.570981595879

=== RESULT ===
BODY_HEIGHT_AFTER=7.230628165608
BODY_TO_HEAD_RATIO_AFTER=5.300000000000
NECK_BOUNDARY_VERTICES=96
NECK_BOUNDARY_EDGES=96
INTERFACE_Y_ERROR_MAX=0.000000000000e+00
NONMANIFOLD_EDGES=0
ZERO_OR_NEAR_ZERO_FACES=0
IS_WINDING_CONSISTENT=True

FEMALE_BODY_RATIO_5P30_GATE=PASS

=== TEMP OUTPUT ===
OUTPUT=/private/tmp/atlas_p3_p4_makehuman_female_body_ratio_5p30_v2.glb
OUTPUT_SHA256=32030e546abafead65b29f145ab4e4f91baba6d5ef5f038d947fa5be86b018b2
NEXT=HEAD_PLUS_RATIO_5P30_BODY_VISUAL_DRYFIT

HEAD_GEOMETRY_CHANGED=NO
NECK_SHORTENING_PERFORMED=NO
REPO_FILES_CHANGED=NO
PRODUCTION_GEOMETRY_AUTHORIZATION=NO
PHASE9_AUTHORIZATION=NO
