=== ACTIVE CHECKLIST: P-3/P-4 — FEMALE TECHNICAL ASSEMBLY ===
6_FEMALE_ALIGNMENT_AND_LOCAL_CORRECTION=ACTIVE
SUBSTEP=RATIO5P30_MALE_V2_302_TO_48_SEAM_AWARE_DP
ARCHITECTURE=SELECTED_MALE_V2_FULL_CHAIN_PORT
BODY_SOURCE=RATIO5P30_CENTERED_UPPER_NECK_CORRECTED_STRIP_EXCEPTION
TUNABLE_WEIGHT_USED=NO

=== INPUT ===
HEAD_LOOP_VERTICES=302
BODY_FIRST_INNER_RING_VERTICES=48
REMOVED_BODY_STRIP_FACES=144
REPLACEMENT_FACES=350

=== SELECTED DP ===
TOPOLOGY_VALID_SOLUTIONS=96
SELECTED_HEAD_DIRECTION=1
SELECTED_BODY_DIRECTION=0
SELECTED_BODY_CYCLIC_SHIFT=33
DP_MAX_SEAM_DIHEDRAL_DEG=133.923311
DP_TOTAL_SEAM_DIHEDRAL_DEG=10352.254899
DP_COMPACTNESS_TOTAL=10310.382538681

=== UPPER RODIN FEMALE SEAM ===
EDGES=302
MEAN_DEG=31.434042
P95_DEG=86.742170
MAX_DEG=133.923311
GT30_DEG=131
GT60_DEG=37
GT90_DEG=13

=== LOWER MAKEHUMAN FEMALE SEAM ===
EDGES=48
MEAN_DEG=17.899462
P95_DEG=49.764055
MAX_DEG=58.666409
GT30_DEG=7
GT60_DEG=0
GT90_DEG=0

=== BRIDGE QUALITY ===
ZERO_AREA_FACES=0
AREA_MIN=1.302067054894e-06
AREA_P05=1.565760613624e-05
AREA_MEDIAN=9.406160563032e-05

=== FINAL TOPOLOGY ===
VERTICES=29229
FACES=58294
BOUNDARY_EDGES=0
NONMANIFOLD_EDGES=0
ZERO_OR_NEAR_ZERO_FACES=0
IS_WATERTIGHT=True
IS_WINDING_CONSISTENT=True
EULER_NUMBER=-14

CORRECTED_FEMALE_SEAM_AWARE_RETRIANGULATION_GATE=PASS
OUTPUT=/private/tmp/atlas_p3_p4_female_head_body_ratio5p30_male_v2_seam_aware_single_body_v1.glb
OUTPUT_SHA256=7e3ca0d469fb0e2c3f05a2ffb253064ef73054214e60423e94fa016606faca68
HEAD_BODY_ATTACHED=YES_TEMP
REPO_FILES_CHANGED=NO
PRODUCTION_GEOMETRY_AUTHORIZATION=NO
PHASE9_AUTHORIZATION=NO
NEXT=CORRECTED_FEMALE_HUMAN_VISUAL_GATE
