=== ACTIVE CHECKLIST: P-3/P-4 — ONE FINAL MULTI-RING FEMALE NECK CANDIDATE ===
FINAL_BODY_DOMAIN=RING_0_TO_3 / LOCKED
FIRST_FIXED_BODY_RING=RING_4
REMOVED_BODY_FACES_EXPECTED=334
BODY_FIXED_FRONTIER_EXPECTED=46
HEAD_REMOVED_FACES=810 / LOCKED
HEAD_FIXED_FRONTIER=142 / LOCKED
ARCHITECTURE=FIVE_GRADUAL_MATCHED_RINGS_142_TO_46
HEAD_VISIBLE_GEOMETRY=LOCKED_UNCHANGED
ARM_SHOULDER_TORSO=EXACTLY_FIXED
ATTEMPT_BUDGET=ONE_FINAL_CANDIDATE
OUTPUT_MODE=TEMP_DIAGNOSTIC_ONLY
STEP=BUILD_EXECUTE_AND_VALIDATE_FINAL_CANDIDATE

SOURCE_RUNNER_SHA256=31d52aef996b384f0a3f365e29229480a656ae0ee4b6bca4655a86897c772079
SOURCE_RUNNER_HASH_GATE=PASS
RUNNER=/private/tmp/atlas_p3_p4_female_final_multiring_142_to_46_neck_v1.py
RUNNER_CREATED=YES
SOURCE_RUNNER_CHANGED=NO
RUNNER_BUILD_EXIT=0
SYNTAX_EXIT=0
RUNNER_SHA256=568591f7756c15d42fb060c1d7c8070ea5b95c08685399a5d7908bfe07382c0c

=== FINAL RUNNER OUTPUT ===
=== ACTIVE CHECKLIST: P-3/P-4 — FEMALE FINAL MULTI-RING ASSEMBLY ===
FINAL_ALLOWED_ROUTE=ONE_CONTROLLED_UPPER_NECK_RECONSTRUCTION
ARCHITECTURE=FIVE_GRADUAL_MATCHED_RINGS_142_TO_46
ATTEMPT_BUDGET_CONSUMED=YES

=== LOCKED INPUT DOMAINS ===
HEAD_RETAINED_FRONTIER_VERTICES=142
REMOVED_HEAD_UNDERSIDE_FACES=810
BODY_RECONSTRUCTION_DOMAIN_VERTICES=238
REMOVED_BODY_UPPER_NECK_FACES=334
BODY_FIXED_FRONTIER_VERTICES=46
FIRST_FIXED_BODY_RING=4

=== MULTI-RING CONSTRUCTION ===
INTERMEDIATE_RING_COUNT=5
VERTICES_PER_INTERMEDIATE_RING=142
NEW_VERTICES=710
NEW_FACES=1608
BASE_UNEQUAL_STITCH_FACES=188
MATCH_HEAD_DIRECTION=1
MATCH_BODY_DIRECTION=0
MATCH_BODY_RESAMPLED_SHIFT=48
MATCH_MEAN_SQUARED_DISTANCE=3.083019916251e-02
BASE_STITCH_COMPACTNESS_TOTAL=1012.673494469828

=== QUALITY ===
NEW_FACE_AREA_MIN=9.283851291286e-07
NEW_FACE_AREA_P05=4.567059799409e-05
NEW_FACE_AREA_MEDIAN=2.180550997349e-04
NEW_FACE_AREA_MAX=1.519805292384e-02

=== FINAL TOPOLOGY ===
VERTICES=29939
FACES=58552
BOUNDARY_EDGES=0
NONMANIFOLD_EDGES=0
DEGENERATE_FACES=0
IS_WATERTIGHT=True
IS_WINDING_CONSISTENT=True
EULER_NUMBER=-14

HEAD_VISIBLE_VERTEX_DISPLACEMENT=ZERO
BODY_RING4_PLUS_VERTEX_DISPLACEMENT=ZERO
ARM_SHOULDER_TORSO_VERTEX_DISPLACEMENT=ZERO
FINAL_MULTI_RING_NUMERICAL_GATE=PASS
OUTPUT=/private/tmp/atlas_p3_p4_female_final_multiring_142_to_46_single_body_v1.glb
OUTPUT_SHA256=aea417e6352a059894f58318df9ba2a83157df347f78215f97178fedddf5a32f
HUMAN_VISUAL_GATE=PENDING
PRODUCTION_GEOMETRY_AUTHORIZATION=NO
NEXT=INDEPENDENT_PRESERVATION_CHECK_THEN_ONE_FINAL_VISUAL_DECISION

RUNNER_EXIT=0

=== OUTPUT GATE ===
OUTPUT_EXISTS=YES
OUTPUT=/private/tmp/atlas_p3_p4_female_final_multiring_142_to_46_single_body_v1.glb
OUTPUT_BYTES=1062656
OUTPUT_SHA256=aea417e6352a059894f58318df9ba2a83157df347f78215f97178fedddf5a32f
FINAL_CANDIDATE_EXECUTION_GATE=PASS

=== SAFETY STATE ===
HEAD_SOURCE_SHA256_AFTER=749974cd50423411cd9ae5e703d101bb3a6caee7d169469ca29a5ecff6bbd22f
BODY_SOURCE_SHA256_AFTER=9740ba5308bbd5dfaa065967119fed3b4bd753aed8e697e66eda1478d7c848de
STAGED_FILE_COUNT=0
SOURCE_FILES_CHANGED=NO
REPO_CHANGED_BY_BUILD=NO
ATTEMPT_BUDGET_CONSUMED=YES
HUMAN_VISUAL_GATE=PENDING
PERSISTENCE_REQUIRED_AFTER_FINAL_DECISION=YES
PRODUCTION_GEOMETRY_AUTHORIZATION=NO
