=== ACTIVE CHECKLIST: P-3/P-4 — FEMALE FINAL UPPER-NECK DOMAIN AUDIT EXECUTION FIX ===
PRIOR_AUDIT=NOT_EXECUTED / SCRIPT_BOOTSTRAP_LAYER_ONLY
PRIOR_GEOMETRY_GENERATED=NO
FINAL_ALLOWED_ROUTE=ONE_CONTROLLED_UPPER_NECK_RECONSTRUCTION
HEAD_VISIBLE_GEOMETRY=LOCKED_UNCHANGED
ARM_SHOULDER_TORSO=EXACTLY_FIXED
SOURCE_MODE=READ_ONLY
STEP=EXECUTE_NOW-MATERIALIZED_AUDIT_SCRIPT

SOURCE_SHA256=9740ba5308bbd5dfaa065967119fed3b4bd753aed8e697e66eda1478d7c848de
SCRIPT_SHA256=f61d2cf0fda5c3adb4682169a2b5e79f05be7cee24006222b1e1b82418538025
SOURCE_HASH_GATE=PASS
SCRIPT_HASH_GATE=PASS
SYNTAX_EXIT=0

=== BODY SOURCE ===
VERTICES=9287
FACES=18476
BOUNDARY_EDGES_TOTAL=96
INTERFACE_EDGES=96
INTERFACE_VERTICES=96

=== TOPOLOGICAL RINGS BELOW BODY INTERFACE ===
FIELDS=RING,VERTICES,Y_MIN,Y_MAX,Y_MEAN,X_WIDTH,Z_DEPTH,CENTER_X,CENTER_Z,CUMULATIVE_VERTICES
RING=0|VERTICES=96|Y_MIN=5.148177623749|Y_MAX=5.148177623749|Y_MEAN=5.148177623749|X_WIDTH=0.524453103542|Z_DEPTH=0.527055762708|CENTER_X=0.000230073929|CENTER_Z=0.325016904622|CUMULATIVE_VERTICES=96
RING=1|VERTICES=48|Y_MIN=5.104815959930|Y_MAX=5.145348072052|Y_MEAN=5.128456105789|X_WIDTH=0.538854360580|Z_DEPTH=0.529261831194|CENTER_X=0.000230073929|CENTER_Z=0.312084792182|CUMULATIVE_VERTICES=144
RING=2|VERTICES=48|Y_MIN=5.057560920715|Y_MAX=5.104773044586|Y_MEAN=5.088661849499|X_WIDTH=0.588872343302|Z_DEPTH=0.543022536673|CENTER_X=0.000230088830|CENTER_Z=0.284021067899|CUMULATIVE_VERTICES=192
RING=3|VERTICES=46|Y_MIN=5.005026817322|Y_MAX=5.072525978088|Y_MEAN=5.048913572146|X_WIDTH=0.696121722460|Z_DEPTH=0.549303317443|CENTER_X=0.000230088830|CENTER_Z=0.262057292275|CUMULATIVE_VERTICES=238
RING=4|VERTICES=46|Y_MIN=4.943012237549|Y_MAX=5.042218685150|Y_MEAN=5.009344287541|X_WIDTH=0.892615526915|Z_DEPTH=0.551834654063|CENTER_X=0.000230088830|CENTER_Z=0.242367947474|CUMULATIVE_VERTICES=284
RING=5|VERTICES=48|Y_MIN=4.893698215485|Y_MAX=5.008883476257|Y_MEAN=4.973049114148|X_WIDTH=1.228847503662|Z_DEPTH=0.569668345153|CENTER_X=0.000230073929|CENTER_Z=0.219576273113|CUMULATIVE_VERTICES=332
RING=6|VERTICES=48|Y_MIN=4.838237285614|Y_MAX=4.976620674133|Y_MEAN=4.932404567798|X_WIDTH=1.586567580700|Z_DEPTH=0.646503403783|CENTER_X=0.000230103731|CENTER_Z=0.222136162221|CUMULATIVE_VERTICES=380
RING=7|VERTICES=48|Y_MIN=4.757100582123|Y_MAX=4.921524047852|Y_MEAN=4.867369681597|X_WIDTH=1.877749085426|Z_DEPTH=0.750612422824|CENTER_X=0.000230073929|CENTER_Z=0.232737399638|CUMULATIVE_VERTICES=428
RING=8|VERTICES=51|Y_MIN=4.644959926605|Y_MAX=4.863398551941|Y_MEAN=4.779940109627|X_WIDTH=2.089316844940|Z_DEPTH=0.849392250180|CENTER_X=0.000230073929|CENTER_Z=0.245432220399|CUMULATIVE_VERTICES=479
RING=9|VERTICES=56|Y_MIN=4.519229888916|Y_MAX=4.765589237213|Y_MEAN=4.686321037156|X_WIDTH=2.278920888901|Z_DEPTH=0.920555546880|CENTER_X=0.000230073929|CENTER_Z=0.249495707452|CUMULATIVE_VERTICES=535
RING=10|VERTICES=62|Y_MIN=4.394517898560|Y_MAX=4.690724372864|Y_MEAN=4.589425971431|X_WIDTH=2.424292802811|Z_DEPTH=0.972457736731|CENTER_X=0.000230073929|CENTER_Z=0.270669594407|CUMULATIVE_VERTICES=597
RING=11|VERTICES=72|Y_MIN=4.285336494446|Y_MAX=4.621092796326|Y_MEAN=4.492591751946|X_WIDTH=2.562089681625|Z_DEPTH=1.019221201539|CENTER_X=0.000230073929|CENTER_Z=0.298067204654|CUMULATIVE_VERTICES=669
RING=12|VERTICES=80|Y_MIN=4.180789947510|Y_MAX=4.533808708191|Y_MEAN=4.405869418383|X_WIDTH=2.665855884552|Z_DEPTH=1.060807690024|CENTER_X=0.000230073929|CENTER_Z=0.323314137757|CUMULATIVE_VERTICES=749

=== IN-MEMORY RECONSTRUCTION FRONTIERS ===
POLICY=REMOVE_ONLY_FACES_FULLY_CONTAINED_IN_RING_0_TO_LIMIT
FIELDS=LIMIT,DOMAIN_VERTICES,REMOVED_FACES,RETAINED_FACES,BOUNDARY_EDGES,COMPONENTS,NONMANIFOLD_EDGES
RING_LIMIT=1|DOMAIN_VERTICES=144|REMOVED_FACES=144|RETAINED_FACES=18332|BOUNDARY_EDGES=48|COMPONENTS=1|NONMANIFOLD_EDGES=0
  COMPONENT=1|VERTICES=48|EDGES=48|DEGREE_NOT_2=0|CLOSED=True|Y_MIN=5.104815959930|Y_MAX=5.145348072052|X_WIDTH=0.538854360580|Z_DEPTH=0.529261831194
RING_LIMIT=2|DOMAIN_VERTICES=192|REMOVED_FACES=242|RETAINED_FACES=18234|BOUNDARY_EDGES=46|COMPONENTS=1|NONMANIFOLD_EDGES=0
  COMPONENT=1|VERTICES=46|EDGES=46|DEGREE_NOT_2=0|CLOSED=True|Y_MIN=5.057560920715|Y_MAX=5.104773044586|X_WIDTH=0.588872343302|Z_DEPTH=0.543022536673
RING_LIMIT=3|DOMAIN_VERTICES=238|REMOVED_FACES=334|RETAINED_FACES=18142|BOUNDARY_EDGES=46|COMPONENTS=1|NONMANIFOLD_EDGES=0
  COMPONENT=1|VERTICES=46|EDGES=46|DEGREE_NOT_2=0|CLOSED=True|Y_MIN=5.005026817322|Y_MAX=5.072525978088|X_WIDTH=0.696121722460|Z_DEPTH=0.549303317443
RING_LIMIT=4|DOMAIN_VERTICES=284|REMOVED_FACES=426|RETAINED_FACES=18050|BOUNDARY_EDGES=46|COMPONENTS=1|NONMANIFOLD_EDGES=0
  COMPONENT=1|VERTICES=46|EDGES=46|DEGREE_NOT_2=0|CLOSED=True|Y_MIN=4.943012237549|Y_MAX=5.042218685150|X_WIDTH=0.892615526915|Z_DEPTH=0.551834654063
RING_LIMIT=5|DOMAIN_VERTICES=332|REMOVED_FACES=520|RETAINED_FACES=17956|BOUNDARY_EDGES=48|COMPONENTS=1|NONMANIFOLD_EDGES=0
  COMPONENT=1|VERTICES=48|EDGES=48|DEGREE_NOT_2=0|CLOSED=True|Y_MIN=4.893698215485|Y_MAX=5.008883476257|X_WIDTH=1.228847503662|Z_DEPTH=0.569668345153
RING_LIMIT=6|DOMAIN_VERTICES=380|REMOVED_FACES=616|RETAINED_FACES=17860|BOUNDARY_EDGES=48|COMPONENTS=1|NONMANIFOLD_EDGES=0
  COMPONENT=1|VERTICES=48|EDGES=48|DEGREE_NOT_2=0|CLOSED=True|Y_MIN=4.838237285614|Y_MAX=4.976620674133|X_WIDTH=1.586567580700|Z_DEPTH=0.646503403783
RING_LIMIT=7|DOMAIN_VERTICES=428|REMOVED_FACES=712|RETAINED_FACES=17764|BOUNDARY_EDGES=48|COMPONENTS=1|NONMANIFOLD_EDGES=0
  COMPONENT=1|VERTICES=48|EDGES=48|DEGREE_NOT_2=0|CLOSED=True|Y_MIN=4.757100582123|Y_MAX=4.921524047852|X_WIDTH=1.877749085426|Z_DEPTH=0.750612422824
RING_LIMIT=8|DOMAIN_VERTICES=479|REMOVED_FACES=812|RETAINED_FACES=17664|BOUNDARY_EDGES=50|COMPONENTS=1|NONMANIFOLD_EDGES=0
  COMPONENT=1|VERTICES=50|EDGES=50|DEGREE_NOT_2=0|CLOSED=True|Y_MIN=4.644959926605|Y_MAX=4.842862129211|X_WIDTH=2.089316844940|Z_DEPTH=0.849392250180
RING_LIMIT=9|DOMAIN_VERTICES=535|REMOVED_FACES=918|RETAINED_FACES=17558|BOUNDARY_EDGES=56|COMPONENTS=1|NONMANIFOLD_EDGES=0
  COMPONENT=1|VERTICES=56|EDGES=56|DEGREE_NOT_2=0|CLOSED=True|Y_MIN=4.519229888916|Y_MAX=4.765589237213|X_WIDTH=2.278920888901|Z_DEPTH=0.920555546880

=== SHOULDER_TORSO EXCLUSION INDICATORS ===
RING=0|X_WIDTH_RATIO_TO_INTERFACE=1.000000000000|VERTICES_BELOW_INTERFACE=0|Y_DROP_MAX=0.000000000000
RING=1|X_WIDTH_RATIO_TO_INTERFACE=1.027459570629|VERTICES_BELOW_INTERFACE=48|Y_DROP_MAX=0.043361663819
RING=2|X_WIDTH_RATIO_TO_INTERFACE=1.122831268085|VERTICES_BELOW_INTERFACE=48|Y_DROP_MAX=0.090616703034
RING=3|X_WIDTH_RATIO_TO_INTERFACE=1.327328826463|VERTICES_BELOW_INTERFACE=46|Y_DROP_MAX=0.143150806427
RING=4|X_WIDTH_RATIO_TO_INTERFACE=1.701993030236|VERTICES_BELOW_INTERFACE=46|Y_DROP_MAX=0.205165386200
RING=5|X_WIDTH_RATIO_TO_INTERFACE=2.343102739524|VERTICES_BELOW_INTERFACE=48|Y_DROP_MAX=0.254479408264
RING=6|X_WIDTH_RATIO_TO_INTERFACE=3.025184844906|VERTICES_BELOW_INTERFACE=48|Y_DROP_MAX=0.309940338135
RING=7|X_WIDTH_RATIO_TO_INTERFACE=3.580394648718|VERTICES_BELOW_INTERFACE=48|Y_DROP_MAX=0.391077041626
RING=8|X_WIDTH_RATIO_TO_INTERFACE=3.983801088845|VERTICES_BELOW_INTERFACE=51|Y_DROP_MAX=0.503217697144
RING=9|X_WIDTH_RATIO_TO_INTERFACE=4.345328254344|VERTICES_BELOW_INTERFACE=56|Y_DROP_MAX=0.628947734833
RING=10|X_WIDTH_RATIO_TO_INTERFACE=4.622515886428|VERTICES_BELOW_INTERFACE=62|Y_DROP_MAX=0.753659725189
RING=11|X_WIDTH_RATIO_TO_INTERFACE=4.885259834140|VERTICES_BELOW_INTERFACE=72|Y_DROP_MAX=0.862841129303
RING=12|X_WIDTH_RATIO_TO_INTERFACE=5.083115852582|VERTICES_BELOW_INTERFACE=80|Y_DROP_MAX=0.967387676239

AUDIT_DECISION=DOMAIN_SELECTION_PENDING
GEOMETRY_GENERATED=NO
BODY_SOURCE_CHANGED=NO
NEXT=SELECT_MINIMUM_SINGLE_CLOSED_FRONTIER_BEFORE_SHOULDER_EXPANSION
PRODUCTION_GEOMETRY_AUTHORIZATION=NO

AUDIT_EXIT=0
SOURCE_SHA256_AFTER=9740ba5308bbd5dfaa065967119fed3b4bd753aed8e697e66eda1478d7c848de
SCRIPT_SHA256_AFTER=f61d2cf0fda5c3adb4682169a2b5e79f05be7cee24006222b1e1b82418538025
STAGED_FILE_COUNT=0
FILES_CHANGED_BY_AUDIT=NO
NEW_GEOMETRY_GENERATED=NO
FINAL_CANDIDATE_GENERATED=NO
NEXT=SELECT_STRICT_UPPER_NECK_DOMAIN_FROM_MEASURED_FRONTIERS
PERSISTENCE_REQUIRED_AFTER_VALIDATED_ARCHITECTURE=YES
PRODUCTION_GEOMETRY_AUTHORIZATION=NO
