=== ACTIVE CHECKLIST: P-3/P-4 — FEMALE 142→96 ANNULAR DP EXECUTION ===
RING2_PRESERVATION_CONTRACT=PASS
V2_RUNNER_PATCH_GATE=PASS
V2_RUNNER_SHA256=4b2ff3c6f2a08420b43ae32d618604eb8d3df61da6bd8ed93a8cecf5ca027b0a7
HEAD_RETAINED_FRONTIER=142 / LOCKED
BODY_ORIGINAL_BOUNDARY=96 / LOCKED
HEAD_TRANSFORM=ZERO
BODY_VERTEX_DISPLACEMENT=ZERO
OUTPUT_MODE=TEMP_DIAGNOSTIC_ONLY
STEP=EXECUTE_PROVEN_DP_CORE_ON_142_TO_96_RINGS

RUNNER=/private/tmp/atlas_p3_p4_female_head_underside_ring2_142_to_96_annular_dp_v2.py
RUNNER_SHA256=4b2f3c6f2a08420b43ae32d618604eb8d3df61da6bd8ed93a8cecf5ca027b0a7
RUNNER_HASH_GATE=PASS
=== REQUIRED INPUT HASH GATES ===
INPUT_HASH_GATE=PASS|FILE=/private/tmp/atlas_p3_p4_zero_deformation_female_head_for_dp_v1.glb|SHA256=749974cd50423411cd9ae5e703d101bb3a6caee7d169469ca29a5ecff6bbd22f
INPUT_HASH_GATE=PASS|FILE=/private/tmp/atlas_p3_p4_zero_deformation_female_body_for_dp_v1.glb|SHA256=9740ba5308bbd5dfaa065967119fed3b4bd753aed8e697e66eda1478d7c848de
INPUT_HASH_GATE=PASS|FILE=/private/tmp/atlas_p3_p4_female_head_underside_ring2_preservation_contract_v1.npz|SHA256=85449a1f6f43cb611d5f831106fffcc9d8ebff8bfb955723095d8c864c676363

=== DP RUNNER OUTPUT ===
=== ACTIVE CHECKLIST: P-3/P-4 — FEMALE TECHNICAL ASSEMBLY ===
6_FEMALE_ALIGNMENT_AND_LOCAL_CORRECTION=ACTIVE
SUBSTEP=HEAD_UNDERSIDE_RING2_142_TO_96_ANNULAR_DP
ARCHITECTURE=HEAD_UNDERSIDE_LOCAL_RETOPOLOGY_142_TO_96
BODY_SOURCE=ACCEPTED_RATIO5P30_ZERO_DEFORMATION_BODY
TUNABLE_WEIGHT_USED=NO

=== INPUT ===
HEAD_RETAINED_FRONTIER_VERTICES=142
BODY_ORIGINAL_BOUNDARY_VERTICES=96
REMOVED_HEAD_UNDERSIDE_FACES=810
REMOVED_BODY_FACES=0
REPLACEMENT_ANNULAR_FACES=238

=== SELECTED DP ===
TOPOLOGY_VALID_SOLUTIONS=192
SELECTED_HEAD_DIRECTION=0
SELECTED_BODY_DIRECTION=1
SELECTED_BODY_CYCLIC_SHIFT=87
DP_MAX_SEAM_DIHEDRAL_DEG=170.520533
DP_TOTAL_SEAM_DIHEDRAL_DEG=16512.403175
DP_COMPACTNESS_TOTAL=16138.001218594

=== UPPER RODIN FEMALE SEAM ===
EDGES=142
MEAN_DEG=104.772620
P95_DEG=166.093238
MAX_DEG=170.520533
GT30_DEG=136
GT60_DEG=115
GT90_DEG=87

=== LOWER MAKEHUMAN FEMALE SEAM ===
EDGES=96
MEAN_DEG=17.028033
P95_DEG=63.512768
MAX_DEG=84.815859
GT30_DEG=18
GT60_DEG=6
GT90_DEG=0

=== BRIDGE QUALITY ===
ZERO_AREA_FACES=0
AREA_MIN=1.276792618221e-05
AREA_P05=5.633821716081e-05
AREA_MEDIAN=7.943354308361e-04

=== FINAL TOPOLOGY ===
VERTICES=29229
FACES=57516
BOUNDARY_EDGES=0
NONMANIFOLD_EDGES=0
ZERO_OR_NEAR_ZERO_FACES=0
IS_WATERTIGHT=True
IS_WINDING_CONSISTENT=True
EULER_NUMBER=-14

FEMALE_HEAD_UNDERSIDE_142_TO_96_ANNULAR_GATE=PASS
OUTPUT=/private/tmp/atlas_p3_p4_female_head_underside_ring2_142_to_96_single_body_v1.glb
OUTPUT_SHA256=5a6e99462152285f4c5a2576f38d074ea6b5aeb63536dda8a3b53c0220a4e7b8
HEAD_BODY_ATTACHED=YES_TEMP
REPO_FILES_CHANGED=NO
PRODUCTION_GEOMETRY_AUTHORIZATION=NO
PHASE9_AUTHORIZATION=NO
NEXT=INDEPENDENT_PRESERVATION_AND_HUMAN_NECK_VISUAL_GATE

RUNNER_EXIT=0

=== OUTPUT EXISTENCE GATE ===
OUTPUT_EXISTS=YES
OUTPUT=/private/tmp/atlas_p3_p4_female_head_underside_ring2_142_to_96_single_body_v1.glb
OUTPUT_BYTES=1041704
OUTPUT_SHA256=5a6e99462152285f4c5a2576f38d074ea6b5aeb63536dda8a3b53c0220a4e7b8
ANNULAR_DP_EXECUTION_GATE=PASS

=== SAFETY STATE ===
HEAD_SOURCE_SHA256_AFTER=749974cd50423411cd9ae5e703d101bb3a6caee7d169469ca29a5ecff6bbd22f
BODY_SOURCE_SHA256_AFTER=9740ba5308bbd5dfaa065967119fed3b4bd753aed8e697e66eda1478d7c848de
STAGED_FILE_COUNT=0
SOURCE_FILES_CHANGED=NO
REPO_CHANGED_BY_EXECUTION=NO
HUMAN_VISUAL_GATE=PENDING
NEXT=INDEPENDENT_PRESERVATION_AND_TOPOLOGY_VERIFICATION
PERSISTENCE_REQUIRED_AFTER_VALIDATED_ARCHITECTURE=YES
PRODUCTION_GEOMETRY_AUTHORIZATION=NO
