=== ACTIVE CHECKLIST: P-3/P-4 — FEMALE COLLAR FLOAT32 TOLERANCE GATE CORRECTION ===
PRIOR_INDEPENDENT_GATE=FAIL / NEW_VERTEX_EXACT_ZERO_TEST_ONLY
HEAD_SOURCE_POSITION_ERROR=ZERO
BODY_SOURCE_POSITION_ERROR=ZERO
RING3_PLUS_POSITION_ERROR=ZERO
NEW_UPPER_COLLAR_POSITION_ERROR=2.098083493607e-07
CONTRACT_TOLERANCE=1.000000000000e-06
ALGORITHM_CHANGED=NO
GEOMETRY_CHANGED=NO
STEP=APPLY_CONTRACT_TOLERANCE_TO_NEW_VERTEX_RELOAD_ERROR

OUTPUT=/private/tmp/atlas_p3_p4_female_vertical_collar_y5280_plus_142_to_96_single_body_v1.glb
OUTPUT_SHA256=74df51ab416e0559cd32b473ebf42ef27fac7c76fea231f6eb5c4ceb1315f594
OUTPUT_HASH_GATE=PASS
NEW_UPPER_COLLAR_POSITION_MAX_ERROR=2.098083493607e-07
CONTRACT_RELOAD_TOLERANCE=1.000000000000e-06
ERROR_TO_TOLERANCE_RATIO=0.209808349361
UPPER_COLLAR_FLOAT32_RELOAD_GATE=PASS
GATE=head_positions_exact|PASS=True
GATE=fixed_ring3_plus_positions_exact|PASS=True
GATE=body_positions_exact|PASS=True
GATE=retained_head_faces_preserved|PASS=True
GATE=body_faces_preserved|PASS=True
GATE=collar_faces_preserved|PASS=True
GATE=annulus_face_count|PASS=True
GATE=total_face_count|PASS=True
GATE=boundary_zero|PASS=True
GATE=nonmanifold_zero|PASS=True
GATE=degenerate_zero|PASS=True
GATE=watertight|PASS=True
GATE=winding_consistent|PASS=True
GATE=lower_seam_complete|PASS=True
GATE=upper_seam_complete|PASS=True
GATE=upper_new_vertices_within_contract_tolerance|PASS=True
INDEPENDENT_COLLAR_PRESERVATION_TOPOLOGY_GATE=PASS
UPPER_COLLAR_SEAM_WARNING=ACTIVE
UPPER_COLLAR_TO_ANNULUS_MEAN_DEG=141.388117
UPPER_COLLAR_TO_ANNULUS_MAX_DEG=170.757359
HUMAN_VISUAL_GATE=PENDING
NEXT=RENDER_FOUR_VIEW_AND_NECK_CLOSEUP
PRODUCTION_GEOMETRY_AUTHORIZATION=NO

TOLERANCE_GATE_EXIT=0
STAGED_FILE_COUNT=0
SOURCE_FILES_CHANGED=NO
OUTPUT_GEOMETRY_CHANGED=NO
REPO_CHANGED_BY_GATE_CORRECTION=NO
PERSISTENCE_REQUIRED_AFTER_VALIDATED_ARCHITECTURE=YES
