=== ACTIVE CHECKLIST: P-3/P-4 — RODIN MALE LIGHTWEIGHT GLB STRUCTURE AUDIT ===
MALE_BODY_VISUAL_DECISION=PASS_AS_TECHNICAL_DONOR
PRIOR_GEOMETRY_AUDIT=INTERRUPTED / EXIT_137
RODIN_SOURCE_FAILURE=NO
STEP=PARSE_GLB_CONTAINER_WITHOUT_TEXTURE_OR_MESH_EXPANSION

=== MODEL=PBR ===
FILE=EVIDENCE/PERSONALIZED_FIGURINE/P3/rodin_v2_5_synthetic_benchmark_2026_09_07/male/rodin_v2_5_minimum_50k_quad_texture_high_pbr.glb
EXISTS=True
ACTUAL_BYTES=12158604
FILE_SHA256=7c77a4e915d6b6a6a34b0dadad962c4874f88eb53b499d1f82d378ab7a12c50d
GLB_DECLARED_BYTES=12158604
GLB_LENGTH_MATCH=True
CHUNK_1=TYPE:JSON|BYTES:1712|DATA_OFFSET:20
CHUNK_2=TYPE:BIN|BYTES:12156864|DATA_OFFSET:1740
SCENE_COUNT=1
NODE_COUNT=1
MESH_COUNT=1
ACCESSOR_COUNT=4
BUFFER_VIEW_COUNT=7
MATERIAL_COUNT=1
TEXTURE_COUNT=3
IMAGE_COUNT=3
EMBEDDED_IMAGE_BYTES=10413147
MESH_0_NAME=model
PRIMITIVE=0:0|MODE=4|VERTICES=45116|INDICES=150000|TRIANGLES=50000|INDEX_COMPONENT_TYPE=5123
POSITION_ACCESSOR=0|MIN=[-0.71602863073349, -0.95448899269104, -0.6100725531578064]|MAX=[0.71597820520401, 0.9321897029876709, 0.6130734086036682]
ATTRIBUTE_ACCESSORS={"NORMAL":1,"POSITION":0,"TEXCOORD_0":2}
GEOMETRY_NODE=0|NAME=model|MESH=0
NODE_MATRIX=None
NODE_TRANSLATION=None
NODE_ROTATION=None
NODE_SCALE=None
SOURCE_CHANGED=NO

=== MODEL=SHADED ===
FILE=EVIDENCE/PERSONALIZED_FIGURINE/P3/rodin_v2_5_synthetic_benchmark_2026_09_07/male/rodin_v2_5_minimum_50k_quad_texture_high_shaded.glb
EXISTS=True
ACTUAL_BYTES=6815244
FILE_SHA256=c71e85f39ee8aa61fd5288a7f10813e354fc9ea516c2fd76504a822d8f371dac
GLB_DECLARED_BYTES=6815244
GLB_LENGTH_MATCH=True
CHUNK_1=TYPE:JSON|BYTES:1400|DATA_OFFSET:20
CHUNK_2=TYPE:BIN|BYTES:6813816|DATA_OFFSET:1428
SCENE_COUNT=1
NODE_COUNT=1
MESH_COUNT=1
ACCESSOR_COUNT=4
BUFFER_VIEW_COUNT=5
MATERIAL_COUNT=1
TEXTURE_COUNT=1
IMAGE_COUNT=1
EMBEDDED_IMAGE_BYTES=5070104
MESH_0_NAME=model
PRIMITIVE=0:0|MODE=4|VERTICES=45116|INDICES=150000|TRIANGLES=50000|INDEX_COMPONENT_TYPE=5123
POSITION_ACCESSOR=0|MIN=[-0.71602863073349, -0.95448899269104, -0.6100725531578064]|MAX=[0.71597820520401, 0.9321897029876709, 0.6130734086036682]
ATTRIBUTE_ACCESSORS={"NORMAL":1,"POSITION":0,"TEXCOORD_0":2}
GEOMETRY_NODE=0|NAME=model|MESH=0
NODE_MATRIX=None
NODE_TRANSLATION=None
NODE_ROTATION=None
NODE_SCALE=None
SOURCE_CHANGED=NO

=== PBR VERSUS SHADED STRUCTURAL COMPARISON ===
PRIMITIVE_SUMMARY_EQUAL=True
PBR_PRIMITIVE_COUNT=1
SHADED_PRIMITIVE_COUNT=1
AUDIT_STATUS=PASS

AUDIT_EXIT=0
IMPLEMENTATION_PERFORMED=NO
SOURCE_FILES_CHANGED=NO
MAKEHUMAN_BODY_CHANGED=NO
REPO_CHANGED_BY_AUDIT=NO
EXTERNAL_PROVIDER_CALL=NO
PRODUCTION_GEOMETRY_AUTHORIZATION=NO
