=== ACTIVE CHECKLIST: P-3/P-4 — GENERIC MALE COMPACT BODY BUILD ===
RODIN_MALE_SOURCE=VERIFIED / NOT_MODIFIED
MALE_BLEND=AFRICAN_1_3+ASIAN_1_3+CAUCASIAN_1_3
BODY_CLASS=NORMAL_PROPORTION_STYLIZED_REALISTIC
STEP=BUILD_TEMP_MALE_BODY_CANDIDATE

=== SCRIPT PROVENANCE ===
d0be13184b3a045de4fb8b03399ecc7a2f93e54741580865bc4ac0c3341d2ca9  /private/tmp/atlas_p3_p4_build_makehuman_generic_male_compact_body_v1.py
=== LOCKED SOURCES ===
BASE=/private/tmp/atlas_makehuman_source/makehuman/data/3dobjs/base.obj
BASE_SHA256=8e761e6624b8f54536409135d1636da63b32486a90d4897f84e121d144f6fb4c
RAW_VERTICES=19158
BODY_TRIANGLES=26756
BODY_FACE_INDEX_MIN=0
BODY_FACE_INDEX_MAX=13379

=== APPLIED TARGET STACK ===
TARGET=macrodetails/african-male-young.target|CLASS=MALE_ETHNIC_BLEND|WEIGHT=0.333333333333|ROWS=19150|MAX_INDEX=19149|SHA256=894abc1fbb3d28543a51fef16f89d5d4bdf9aa2e1534413339811a3d47818b7d
TARGET=macrodetails/asian-male-young.target|CLASS=MALE_ETHNIC_BLEND|WEIGHT=0.333333333333|ROWS=19150|MAX_INDEX=19149|SHA256=ed2e8c191cb6b87b4a2d97c80486acb2604fa549316c7aa2a738a5d5a14334dc
TARGET=macrodetails/caucasian-male-young.target|CLASS=MALE_ETHNIC_BLEND|WEIGHT=0.333333333333|ROWS=19150|MAX_INDEX=19149|SHA256=70e228ba7164737dae664454394536fc5935fa48d333c1a97d77e2dc6eacc5f5
TARGET=armslegs/upperlegs-height-decr.target|CLASS=COMPACT_PROPORTION|WEIGHT=0.600000000000|ROWS=5480|MAX_INDEX=19157|SHA256=56fae81607701bdae1f0b3b6cd6b013cd047a71442cbfafe256867157affec3d
TARGET=armslegs/lowerlegs-height-decr.target|CLASS=COMPACT_PROPORTION|WEIGHT=0.600000000000|ROWS=4028|MAX_INDEX=19157|SHA256=267a461a42209dc1547fba016179646d38f9148fa177867e234b6018a404e98a
TARGET=measure/measure-shoulder-dist-decr.target|CLASS=COMPACT_PROPORTION|WEIGHT=0.350000000000|ROWS=5920|MAX_INDEX=17945|SHA256=15034d390da69ce7a3e46dfee0e248d0649bf6fc0bfec575b4cacf48b7a1ba5a
TARGET=measure/measure-napetowaist-dist-decr.target|CLASS=COMPACT_PROPORTION|WEIGHT=0.350000000000|ROWS=13238|MAX_INDEX=19149|SHA256=967ae5d9d3a1ea82c699aeca00d1edbf6ec1393285e12af37b5016b171a1dde4
TARGET=measure/measure-waisttohip-dist-decr.target|CLASS=COMPACT_PROPORTION|WEIGHT=0.250000000000|ROWS=13587|MAX_INDEX=19149|SHA256=db2e9e593ce2b75889b456c45e44962be8d54a4ca7304fedfd8f90444ad12cb4

=== GENERIC MALE BODY OUTPUT ===
OUTPUT=/private/tmp/atlas_p3_p4_makehuman_generic_male_compact_body_v1.glb
VERTICES=13380
FACES=26756
BOUNDS_MIN=[-5.61545, -7.3827, -0.9997333333333335]
BOUNDS_MAX=[5.61545, 8.83455, 3.772366666666667]
EXTENTS=[11.2309, 16.21725, 4.772100000000001]
CONNECTED_COMPONENTS=1
BOUNDARY_EDGES_EXPECTED=0
IS_WATERTIGHT=True
IS_WINDING_CONSISTENT=True
MALE_BLEND_DISPLACEMENT_P95=0.852518751830
MALE_BLEND_DISPLACEMENT_MAX=1.234473392000
FINAL_DISPLACEMENT_P95=1.021951277643
FINAL_DISPLACEMENT_MAX=1.584353936327
SIZE_BYTES=482392
SHA256=273fb03792ea7078f6a018139ee0511659d6bfdf7df44b10c42052a81bc418ad
STATUS=PASS
RODIN_MALE_ATTACHED=NO
NEXT=GENERATE_INDEPENDENT_MALE_BODY_VISUAL

BUILD_EXIT=0
REPO_CHANGED_BY_BUILD=NO
EXTERNAL_PROVIDER_CALL=NO
PRODUCTION_GEOMETRY_AUTHORIZATION=NO
