=== ACTIVE CHECKLIST: P-3/P-4 — RODIN MALE LOWER-NECK SECTION AUDIT ===
RODIN_SOURCE_VISUAL=PASS
HEAD_AND_NATURAL_NECK_DONOR=CANDIDATE
SHIRT_SHOULDERS_AND_BUST_BASE=EXCLUDE_CANDIDATE
VERTICAL_AXIS=Y
STEP=LOCATE_CLEAN_CLOSED_LOWER_NECK_SECTION

=== TEXTURE-FREE WELDED AUDIT MESH ===
SOURCE=EVIDENCE/PERSONALIZED_FIGURINE/P3/rodin_v2_5_synthetic_benchmark_2026_09_07/male/rodin_v2_5_minimum_50k_quad_texture_high_shaded.glb
VERTICES=24996
FACES=50000
BOUNDS_MIN=[-0.71602863073349, -0.95448899269104, -0.6100725531578064]
BOUNDS_MAX=[0.71597820520401, 0.9321897029876709, 0.6130734086036682]
IS_WATERTIGHT=True
IS_WINDING_CONSISTENT=True

=== LOWER-NECK Y-PLANE PROFILE ===
Y=-0.450|LOOP_COUNT=1
  LOOP=1|POINTS=298|CLOSED=True|GAP=0.000000000|X_WIDTH=0.998208717|Z_DEPTH=0.749060521|X_CENTER=0.000598048|Z_CENTER=-0.166929803|PERIMETER=2.748590328|AREA_XZ=0.509104258
Y=-0.425|LOOP_COUNT=1
  LOOP=1|POINTS=297|CLOSED=True|GAP=0.000000000|X_WIDTH=0.924126741|Z_DEPTH=0.757095004|X_CENTER=0.000723038|Z_CENTER=-0.154818494|PERIMETER=2.666465823|AREA_XZ=0.469996599
Y=-0.400|LOOP_COUNT=1
  LOOP=1|POINTS=297|CLOSED=True|GAP=0.000000000|X_WIDTH=0.854745541|Z_DEPTH=0.742761635|X_CENTER=0.001403489|Z_CENTER=-0.139639523|PERIMETER=2.576942678|AREA_XZ=0.434031439
Y=-0.375|LOOP_COUNT=1
  LOOP=1|POINTS=283|CLOSED=True|GAP=0.000000000|X_WIDTH=0.751708456|Z_DEPTH=0.733890676|X_CENTER=0.004176234|Z_CENTER=-0.128696810|PERIMETER=2.431666974|AREA_XZ=0.399133402
Y=-0.350|LOOP_COUNT=1
  LOOP=1|POINTS=250|CLOSED=True|GAP=0.000000000|X_WIDTH=0.642921643|Z_DEPTH=0.696349640|X_CENTER=0.000086817|Z_CENTER=-0.095351237|PERIMETER=2.149886272|AREA_XZ=0.350136965
Y=-0.325|LOOP_COUNT=2
  LOOP=1|POINTS=277|CLOSED=True|GAP=0.000000000|X_WIDTH=0.641728190|Z_DEPTH=0.873298346|X_CENTER=-0.000105276|Z_CENTER=0.012186864|PERIMETER=2.428891246|AREA_XZ=0.376999166
  LOOP=2|POINTS=15|CLOSED=True|GAP=0.000000000|X_WIDTH=0.036247723|Z_DEPTH=0.014424060|X_CENTER=-0.000915255|Z_CENTER=0.408199728|PERIMETER=0.083592942|AREA_XZ=0.000395564
Y=-0.300|LOOP_COUNT=1
  LOOP=1|POINTS=276|CLOSED=True|GAP=0.000000000|X_WIDTH=0.641584305|Z_DEPTH=0.895213321|X_CENTER=-0.000074336|Z_CENTER=0.038159743|PERIMETER=2.457492383|AREA_XZ=0.395800934
Y=-0.275|LOOP_COUNT=1
  LOOP=1|POINTS=293|CLOSED=True|GAP=0.000000000|X_WIDTH=0.641520285|Z_DEPTH=0.897206966|X_CENTER=-0.000003464|Z_CENTER=0.048383953|PERIMETER=2.447484463|AREA_XZ=0.407046764
Y=-0.250|LOOP_COUNT=1
  LOOP=1|POINTS=295|CLOSED=True|GAP=0.000000000|X_WIDTH=0.641544256|Z_DEPTH=0.895783833|X_CENTER=0.000023412|Z_CENTER=0.052059274|PERIMETER=2.440765613|AREA_XZ=0.417841067
Y=-0.225|LOOP_COUNT=1
  LOOP=1|POINTS=307|CLOSED=True|GAP=0.000000000|X_WIDTH=0.641519959|Z_DEPTH=0.891004825|X_CENTER=0.000000106|Z_CENTER=0.050901627|PERIMETER=2.437297004|AREA_XZ=0.427811436
Y=-0.200|LOOP_COUNT=1
  LOOP=1|POINTS=294|CLOSED=True|GAP=0.000000000|X_WIDTH=0.641471306|Z_DEPTH=0.883600349|X_CENTER=-0.000035378|Z_CENTER=0.046504697|PERIMETER=2.435909460|AREA_XZ=0.436649165
Y=-0.175|LOOP_COUNT=1
  LOOP=1|POINTS=350|CLOSED=True|GAP=0.000000000|X_WIDTH=0.641422654|Z_DEPTH=0.939582959|X_CENTER=-0.000070861|Z_CENTER=0.022980951|PERIMETER=2.551169813|AREA_XZ=0.466476581
Y=-0.150|LOOP_COUNT=1
  LOOP=1|POINTS=389|CLOSED=True|GAP=0.000000000|X_WIDTH=0.641978652|Z_DEPTH=0.978940036|X_CENTER=-0.000031252|Z_CENTER=0.023945604|PERIMETER=2.685581764|AREA_XZ=0.494190727
Y=-0.125|LOOP_COUNT=1
  LOOP=1|POINTS=385|CLOSED=True|GAP=0.000000000|X_WIDTH=0.642686306|Z_DEPTH=0.994787960|X_CENTER=0.000004388|Z_CENTER=0.024448236|PERIMETER=2.717839950|AREA_XZ=0.516039114
Y=-0.100|LOOP_COUNT=1
  LOOP=1|POINTS=398|CLOSED=True|GAP=0.000000000|X_WIDTH=0.647731290|Z_DEPTH=0.991403244|X_CENTER=-0.000005253|Z_CENTER=0.016465967|PERIMETER=2.796919040|AREA_XZ=0.534525928
Y=-0.075|LOOP_COUNT=1
  LOOP=1|POINTS=421|CLOSED=True|GAP=0.000000000|X_WIDTH=0.683166821|Z_DEPTH=1.015244046|X_CENTER=0.000295258|Z_CENTER=0.024950973|PERIMETER=2.875001596|AREA_XZ=0.555832001
Y=-0.050|LOOP_COUNT=1
  LOOP=1|POINTS=465|CLOSED=True|GAP=0.000000000|X_WIDTH=0.708949576|Z_DEPTH=1.029318092|X_CENTER=0.000406695|Z_CENTER=0.020087529|PERIMETER=2.964207565|AREA_XZ=0.566063984
Y=-0.025|LOOP_COUNT=3
  LOOP=1|POINTS=448|CLOSED=True|GAP=0.000000000|X_WIDTH=0.711271564|Z_DEPTH=1.015572970|X_CENTER=0.000200473|Z_CENTER=0.021674075|PERIMETER=2.928154470|AREA_XZ=0.573396054
  LOOP=2|POINTS=6|CLOSED=True|GAP=0.000000000|X_WIDTH=0.003423414|Z_DEPTH=0.001700924|X_CENTER=-0.287598304|Z_CENTER=-0.374319664|PERIMETER=0.008705842|AREA_XZ=0.000003611
  LOOP=3|POINTS=5|CLOSED=True|GAP=0.000000000|X_WIDTH=0.001825788|Z_DEPTH=0.000835138|X_CENTER=0.288480516|Z_CENTER=-0.374652803|PERIMETER=0.004310566|AREA_XZ=0.000000786
Y=0.000|LOOP_COUNT=1
  LOOP=1|POINTS=525|CLOSED=True|GAP=0.000000000|X_WIDTH=0.815864202|Z_DEPTH=1.018659523|X_CENTER=0.000060765|Z_CENTER=0.015670901|PERIMETER=3.179484995|AREA_XZ=0.592377790
Y=0.025|LOOP_COUNT=2
  LOOP=1|POINTS=535|CLOSED=True|GAP=0.000000000|X_WIDTH=0.848280298|Z_DEPTH=1.098484817|X_CENTER=0.000026014|Z_CENTER=0.028836098|PERIMETER=3.331556427|AREA_XZ=0.609840665
  LOOP=2|POINTS=6|CLOSED=True|GAP=0.000000000|X_WIDTH=0.000496392|Z_DEPTH=0.000316647|X_CENTER=0.296703142|Z_CENTER=-0.398424558|PERIMETER=0.001249381|AREA_XZ=0.000000077
Y=0.050|LOOP_COUNT=4
  LOOP=1|POINTS=545|CLOSED=True|GAP=0.000000000|X_WIDTH=0.863416170|Z_DEPTH=1.119812793|X_CENTER=0.000002028|Z_CENTER=0.048864148|PERIMETER=3.366789230|AREA_XZ=0.632909457
  LOOP=2|POINTS=26|CLOSED=True|GAP=0.000000000|X_WIDTH=0.032900264|Z_DEPTH=0.032067972|X_CENTER=-0.045455809|Z_CENTER=0.526361828|PERIMETER=0.102254322|AREA_XZ=0.000756815
  LOOP=3|POINTS=25|CLOSED=True|GAP=0.000000000|X_WIDTH=0.032792935|Z_DEPTH=0.031697124|X_CENTER=0.045669093|Z_CENTER=0.526170003|PERIMETER=0.101325249|AREA_XZ=0.000744234
  LOOP=4|POINTS=6|CLOSED=True|GAP=0.000000000|X_WIDTH=0.001747507|Z_DEPTH=0.002642422|X_CENTER=0.140917015|Z_CENTER=-0.483450310|PERIMETER=0.006714381|AREA_XZ=0.000002679
Y=0.075|LOOP_COUNT=5
  LOOP=1|POINTS=550|CLOSED=True|GAP=0.000000000|X_WIDTH=0.879954999|Z_DEPTH=1.123695071|X_CENTER=0.000080672|Z_CENTER=0.050669816|PERIMETER=3.374782565|AREA_XZ=0.646358565
  LOOP=2|POINTS=18|CLOSED=True|GAP=0.000000000|X_WIDTH=0.017854225|Z_DEPTH=0.025138920|X_CENTER=-0.035742422|Z_CENTER=0.522075902|PERIMETER=0.069531884|AREA_XZ=0.000342619
  LOOP=3|POINTS=18|CLOSED=True|GAP=0.000000000|X_WIDTH=0.017439035|Z_DEPTH=0.024560865|X_CENTER=0.035704108|Z_CENTER=0.522155606|PERIMETER=0.068291903|AREA_XZ=0.000326513
  LOOP=4|POINTS=10|CLOSED=True|GAP=0.000000000|X_WIDTH=0.002085822|Z_DEPTH=0.012078489|X_CENTER=-0.054279081|Z_CENTER=0.497261744|PERIMETER=0.025339824|AREA_XZ=0.000018475
Y=0.100|LOOP_COUNT=1
  LOOP=1|POINTS=590|CLOSED=True|GAP=0.000000000|X_WIDTH=0.894715932|Z_DEPTH=1.124120356|X_CENTER=-0.000036621|Z_CENTER=0.045199544|PERIMETER=3.517647291|AREA_XZ=0.651609339
Y=0.125|LOOP_COUNT=3
  LOOP=1|POINTS=554|CLOSED=True|GAP=0.000000000|X_WIDTH=0.905095634|Z_DEPTH=1.119435347|X_CENTER=0.000054643|Z_CENTER=0.034538658|PERIMETER=3.420568739|AREA_XZ=0.661552195
  LOOP=2|POINTS=8|CLOSED=True|GAP=0.000000000|X_WIDTH=0.008339145|Z_DEPTH=0.005721042|X_CENTER=-0.367917664|Z_CENTER=-0.170604547|PERIMETER=0.020763892|AREA_XZ=0.000023847
  LOOP=3|POINTS=6|CLOSED=True|GAP=0.000000000|X_WIDTH=0.007924172|Z_DEPTH=0.004013775|X_CENTER=0.367598305|Z_CENTER=-0.171055372|PERIMETER=0.018022138|AREA_XZ=0.000015901
Y=0.150|LOOP_COUNT=1
  LOOP=1|POINTS=586|CLOSED=True|GAP=0.000000000|X_WIDTH=0.911782286|Z_DEPTH=1.116954066|X_CENTER=-0.000023740|Z_CENTER=0.020159580|PERIMETER=3.429930347|AREA_XZ=0.673343771
Y=0.175|LOOP_COUNT=1
  LOOP=1|POINTS=606|CLOSED=True|GAP=0.000000000|X_WIDTH=0.917199847|Z_DEPTH=1.114211406|X_CENTER=-0.000020170|Z_CENTER=0.004443150|PERIMETER=3.450368498|AREA_XZ=0.684502432

=== CLEAN PRIMARY-LOOP CANDIDATE RANKING ===
RANK=1|Y=-0.350|LOOPS=1|X_WIDTH=0.642921643|Z_DEPTH=0.696349640|PERIMETER=2.149886272|AREA_XZ=0.350136965|CENTER_XZ=[0.000086817,-0.095351237]
RANK=2|Y=-0.300|LOOPS=1|X_WIDTH=0.641584305|Z_DEPTH=0.895213321|PERIMETER=2.457492383|AREA_XZ=0.395800934|CENTER_XZ=[-0.000074336,0.038159743]
RANK=3|Y=-0.375|LOOPS=1|X_WIDTH=0.751708456|Z_DEPTH=0.733890676|PERIMETER=2.431666974|AREA_XZ=0.399133402|CENTER_XZ=[0.004176234,-0.128696810]
RANK=4|Y=-0.275|LOOPS=1|X_WIDTH=0.641520285|Z_DEPTH=0.897206966|PERIMETER=2.447484463|AREA_XZ=0.407046764|CENTER_XZ=[-0.000003464,0.048383953]
RANK=5|Y=-0.250|LOOPS=1|X_WIDTH=0.641544256|Z_DEPTH=0.895783833|PERIMETER=2.440765613|AREA_XZ=0.417841067|CENTER_XZ=[0.000023412,0.052059274]
RANK=6|Y=-0.225|LOOPS=1|X_WIDTH=0.641519959|Z_DEPTH=0.891004825|PERIMETER=2.437297004|AREA_XZ=0.427811436|CENTER_XZ=[0.000000106,0.050901627]
RANK=7|Y=-0.400|LOOPS=1|X_WIDTH=0.854745541|Z_DEPTH=0.742761635|PERIMETER=2.576942678|AREA_XZ=0.434031439|CENTER_XZ=[0.001403489,-0.139639523]
RANK=8|Y=-0.200|LOOPS=1|X_WIDTH=0.641471306|Z_DEPTH=0.883600349|PERIMETER=2.435909460|AREA_XZ=0.436649165|CENTER_XZ=[-0.000035378,0.046504697]
RANK=9|Y=-0.175|LOOPS=1|X_WIDTH=0.641422654|Z_DEPTH=0.939582959|PERIMETER=2.551169813|AREA_XZ=0.466476581|CENTER_XZ=[-0.000070861,0.022980951]
RANK=10|Y=-0.150|LOOPS=1|X_WIDTH=0.641978652|Z_DEPTH=0.978940036|PERIMETER=2.685581764|AREA_XZ=0.494190727|CENTER_XZ=[-0.000031252,0.023945604]

AUDIT_STATUS=PASS
SOURCE_GEOMETRY_CHANGED=NO
CUT_PERFORMED=NO
MAKEHUMAN_BODY_ATTACHED=NO

AUDIT_EXIT=0
IMPLEMENTATION_PERFORMED=NO
SOURCE_FILES_CHANGED=NO
MAKEHUMAN_BODY_CHANGED=NO
REPO_CHANGED_BY_AUDIT=NO
EXTERNAL_PROVIDER_CALL=NO
PRODUCTION_GEOMETRY_AUTHORIZATION=NO
