=== ACTIVE CHECKLIST: P-3/P-4 — RODIN MALE TEXTURE-FREE GEOMETRY AUDIT ===
MALE_BODY_VISUAL_DECISION=PASS_AS_TECHNICAL_DONOR
RODIN_GLB_STRUCTURE=PASS
TEXTURE_EXPANSION=DISABLED
STEP=DECODE_POSITION_AND_INDEX_ACCESSORS_ONLY

=== MODEL=PBR ===
VERTICES=45116
FACES=50000
BOUNDS_MIN=[-0.71602863073349, -0.95448899269104, -0.6100725531578064]
BOUNDS_MAX=[0.71597820520401, 0.9321897029876709, 0.6130734086036682]
EXTENTS=[1.4320068359375, 1.886678695678711, 1.2231459617614746]
VERTEX_MEAN=[-0.0024983228053572287, 0.2141723438637647, -0.051698617924505835]
EXTENT_ORDER=Y:1.886678695679,X:1.432006835938,Z:1.223145961761
RAW_TOPOLOGY={'referenced_vertices': 45116, 'unique_edges': 90717, 'boundary_edges': 31434, 'nonmanifold_edges': 0, 'inconsistent_winding_pairs': 0, 'connected_components': 4781, 'degenerate_triangles': 0, 'euler_number': 4399}
GEOMETRY_HASH=6ef6bdfcb088d06d83a8fc3341675b79e9f18d035dda04cc3bdea005c3ec6bb4
--- EXACT_POSITION_SEAM_WELD / DIAGNOSTIC_ONLY ---
VERTICES_BEFORE=45116
VERTICES_AFTER=24996
DUPLICATE_POSITION_VERTICES=20120
FACES_AFTER=50000
WELDED_TOPOLOGY={'referenced_vertices': 24996, 'unique_edges': 75000, 'boundary_edges': 0, 'nonmanifold_edges': 0, 'inconsistent_winding_pairs': 0, 'connected_components': 1, 'degenerate_triangles': 0, 'euler_number': -4}
WELDED_WATERTIGHT=True
WELDED_WINDING_CONSISTENT=True
SOURCE_EXPORTED_OR_CHANGED=NO

=== MODEL=SHADED ===
VERTICES=45116
FACES=50000
BOUNDS_MIN=[-0.71602863073349, -0.95448899269104, -0.6100725531578064]
BOUNDS_MAX=[0.71597820520401, 0.9321897029876709, 0.6130734086036682]
EXTENTS=[1.4320068359375, 1.886678695678711, 1.2231459617614746]
VERTEX_MEAN=[-0.0024983228053572287, 0.2141723438637647, -0.051698617924505835]
EXTENT_ORDER=Y:1.886678695679,X:1.432006835938,Z:1.223145961761
RAW_TOPOLOGY={'referenced_vertices': 45116, 'unique_edges': 90717, 'boundary_edges': 31434, 'nonmanifold_edges': 0, 'inconsistent_winding_pairs': 0, 'connected_components': 4781, 'degenerate_triangles': 0, 'euler_number': 4399}
GEOMETRY_HASH=6ef6bdfcb088d06d83a8fc3341675b79e9f18d035dda04cc3bdea005c3ec6bb4
--- EXACT_POSITION_SEAM_WELD / DIAGNOSTIC_ONLY ---
VERTICES_BEFORE=45116
VERTICES_AFTER=24996
DUPLICATE_POSITION_VERTICES=20120
FACES_AFTER=50000
WELDED_TOPOLOGY={'referenced_vertices': 24996, 'unique_edges': 75000, 'boundary_edges': 0, 'nonmanifold_edges': 0, 'inconsistent_winding_pairs': 0, 'connected_components': 1, 'degenerate_triangles': 0, 'euler_number': -4}
WELDED_WATERTIGHT=True
WELDED_WINDING_CONSISTENT=True
SOURCE_EXPORTED_OR_CHANGED=NO

=== PBR VERSUS SHADED EXACT GEOMETRY ===
VERTEX_ARRAY_EQUAL=True
FACE_ARRAY_EQUAL=True
GEOMETRY_HASH_EQUAL=True
ASSEMBLY_GEOMETRY_SOURCE=SHADED_ALLOWED_AS_EXACT_GEOMETRY_EQUIVALENT
AUDIT_STATUS=PASS

AUDIT_EXIT=0
IMPLEMENTATION_PERFORMED=NO
SOURCE_FILES_CHANGED=NO
MAKEHUMAN_BODY_CHANGED=NO
REPO_CHANGED_BY_AUDIT=NO
EXTERNAL_PROVIDER_CALL=NO
PRODUCTION_GEOMETRY_AUTHORIZATION=NO
